// Vitest Snapshot v1, https://vitest.dev/guide/snapshot.html

exports[`AppLayout > should render correctly with basic props 1`] = `
<div>
  <div
    class="flex h-[100dvh] w-full overflow-hidden"
  >
    <div
      class="ant-layout p-2 gap-2 css-dev-only-do-not-override-l9pxc0"
    >
      <div
        data-props="{"loadingHeader":false,"notifications":{"items":[]},"userActions":{"items":[]},"logo":""}"
        data-testid="header-layout"
      >
        Header Content
      </div>
      <div
        data-props="{"width":280,"currentPath":"/","modeSidebar":"inline","onClickOptionMenu":"function","children":{"type":"div","key":null,"props":{"children":"Test Content"},"_owner":null,"_store":{}}}"
        data-testid="sidebar-layout"
      >
        <div>
          Test Content
        </div>
      </div>
    </div>
  </div>
</div>
`;
