// Vitest Snapshot v1, https://vitest.dev/guide/snapshot.html

exports[`Switch component > renders correctly and toggles 1`] = `
<div>
  <button
    aria-checked="true"
    class="ant-switch css-dev-only-do-not-override-l9pxc0 ant-switch-checked"
    role="switch"
    type="button"
  >
    <div
      class="ant-switch-handle"
    />
    <span
      class="ant-switch-inner"
    >
      <span
        class="ant-switch-inner-checked"
      />
      <span
        class="ant-switch-inner-unchecked"
      />
    </span>
  </button>
</div>
`;
